<BoardMap>
		<BoardElement>
				<TileId>0</TileId>
				<AdjacentTiles>
						<AdjacentTile>
								<Id>null</Id>
						</AdjacentTile>	
						<AdjacentTile>
								<Id>1</Id>
						</AdjacentTile>	
						<AdjacentTile>
								<Id>6</Id>
						</AdjacentTile>	
						<AdjacentTile>
								<Id>null</Id>
						</AdjacentTile>	
				</AdjacentTiles>
		</BoardElement>
		<BoardElement>
				<TileId>1</TileId>
				<AdjacentTiles>
						<AdjacentTile>
								<Id>null</Id>
						</AdjacentTile>	
						<AdjacentTile>
								<Id>0</Id>
						</AdjacentTile>	
						<AdjacentTile>
								<Id>2</Id>
						</AdjacentTile>	
						<AdjacentTile>
								<Id>7</Id>
						</AdjacentTile>	
				</AdjacentTiles>
		</BoardElement>
		<BoardElement>
				<TileId>2</TileId>
				<AdjacentTiles>
						<AdjacentTile>
								<Id>null</Id>
						</AdjacentTile>	
						<AdjacentTile>
								<Id>1</Id>
						</AdjacentTile>	
						<AdjacentTile>
								<Id>3</Id>
						</AdjacentTile>	
						<AdjacentTile>
								<Id>8</Id>
						</AdjacentTile>	
				</AdjacentTiles>
		</BoardElement>
		<BoardElement>
				<TileId>3</TileId>
				<AdjacentTiles>
						<AdjacentTile>
								<Id>null</Id>
						</AdjacentTile>	
						<AdjacentTile>
								<Id>2</Id>
						</AdjacentTile>	
						<AdjacentTile>
								<Id>4</Id>
						</AdjacentTile>	
						<AdjacentTile>
								<Id>9</Id>
						</AdjacentTile>	
				</AdjacentTiles>
		</BoardElement>
		<BoardElement>
				<TileId>4</TileId>
				<AdjacentTiles>
						<AdjacentTile>
								<Id>null</Id>
						</AdjacentTile>	
						<AdjacentTile>
								<Id>3</Id>
						</AdjacentTile>	
						<AdjacentTile>
								<Id>null</Id>
						</AdjacentTile>	
						<AdjacentTile>
								<Id>10</Id>
						</AdjacentTile>	
				</AdjacentTiles>
		</BoardElement>
		<BoardElement>
				<TileId>5</TileId>
				<AdjacentTiles>
						<AdjacentTile>
								<Id>null</Id>
						</AdjacentTile>	
						<AdjacentTile>
								<Id>null</Id>
						</AdjacentTile>	
						<AdjacentTile>
								<Id>6</Id>
						</AdjacentTile>	
						<AdjacentTile>
								<Id>12</Id>
						</AdjacentTile>	
				</AdjacentTiles>
		</BoardElement>
		<BoardElement>
				<TileId>6</TileId>
				<AdjacentTiles>
						<AdjacentTile>
								<Id>0</Id>
						</AdjacentTile>	
						<AdjacentTile>
								<Id>5</Id>
						</AdjacentTile>	
						<AdjacentTile>
								<Id>7</Id>
						</AdjacentTile>	
						<AdjacentTile>
								<Id>13</Id>
						</AdjacentTile>	
				</AdjacentTiles>
		</BoardElement>
		<BoardElement>
				<TileId>7</TileId>
				<AdjacentTiles>
						<AdjacentTile>
								<Id>1</Id>
						</AdjacentTile>	
						<AdjacentTile>
								<Id>6</Id>
						</AdjacentTile>	
						<AdjacentTile>
								<Id>8</Id>
						</AdjacentTile>	
						<AdjacentTile>
								<Id>14</Id>
						</AdjacentTile>	
				</AdjacentTiles>
		</BoardElement>
		<BoardElement>
				<TileId>8</TileId>
				<AdjacentTiles>
						<AdjacentTile>
								<Id>2</Id>
						</AdjacentTile>	
						<AdjacentTile>
								<Id>7</Id>
						</AdjacentTile>	
						<AdjacentTile>
								<Id>9</Id>
						</AdjacentTile>	
						<AdjacentTile>
								<Id>15</Id>
						</AdjacentTile>	
				</AdjacentTiles>
		</BoardElement>
		<BoardElement>
				<TileId>9</TileId>
				<AdjacentTiles>
						<AdjacentTile>
								<Id>3</Id>
						</AdjacentTile>	
						<AdjacentTile>
								<Id>8</Id>
						</AdjacentTile>	
						<AdjacentTile>
								<Id>10</Id>
						</AdjacentTile>	
						<AdjacentTile>
								<Id>16</Id>
						</AdjacentTile>	
				</AdjacentTiles>
		</BoardElement>
		<BoardElement>
				<TileId>10</TileId>
				<AdjacentTiles>
						<AdjacentTile>
								<Id>4</Id>
						</AdjacentTile>	
						<AdjacentTile>
								<Id>9</Id>
						</AdjacentTile>	
						<AdjacentTile>
								<Id>11</Id>
						</AdjacentTile>	
						<AdjacentTile>
								<Id>17</Id>
						</AdjacentTile>	
				</AdjacentTiles>
		</BoardElement>
		<BoardElement>
				<TileId>11</TileId>
				<AdjacentTiles>
						<AdjacentTile>
								<Id>null</Id>
						</AdjacentTile>	
						<AdjacentTile>
								<Id>10</Id>
						</AdjacentTile>	
						<AdjacentTile>
								<Id>null</Id>
						</AdjacentTile>	
						<AdjacentTile>
								<Id>18</Id>
						</AdjacentTile>	
				</AdjacentTiles>
		</BoardElement>
		<BoardElement>
				<TileId>12</TileId>
				<AdjacentTiles>
						<AdjacentTile>
								<Id>5</Id>
						</AdjacentTile>	
						<AdjacentTile>
								<Id>null</Id>
						</AdjacentTile>	
						<AdjacentTile>
								<Id>13</Id>
						</AdjacentTile>	
						<AdjacentTile>
								<Id>19</Id>
						</AdjacentTile>	
				</AdjacentTiles>
		</BoardElement>
		<BoardElement>
				<TileId>13</TileId>
				<AdjacentTiles>
						<AdjacentTile>
								<Id>6</Id>
						</AdjacentTile>	
						<AdjacentTile>
								<Id>12</Id>
						</AdjacentTile>	
						<AdjacentTile>
								<Id>14</Id>
						</AdjacentTile>	
						<AdjacentTile>
								<Id>20</Id>
						</AdjacentTile>	
				</AdjacentTiles>
		</BoardElement>
		<BoardElement>
				<TileId>14</TileId>
				<AdjacentTiles>
						<AdjacentTile>
								<Id>7</Id>
						</AdjacentTile>	
						<AdjacentTile>
								<Id>13</Id>
						</AdjacentTile>	
						<AdjacentTile>
								<Id>15</Id>
						</AdjacentTile>	
						<AdjacentTile>
								<Id>21</Id>
						</AdjacentTile>	
				</AdjacentTiles>
		</BoardElement>
		<BoardElement>
				<TileId>15</TileId>
				<AdjacentTiles>
						<AdjacentTile>
								<Id>8</Id>
						</AdjacentTile>	
						<AdjacentTile>
								<Id>14</Id>
						</AdjacentTile>	
						<AdjacentTile>
								<Id>16</Id>
						</AdjacentTile>	
						<AdjacentTile>
								<Id>22</Id>
						</AdjacentTile>	
				</AdjacentTiles>
		</BoardElement>
		<BoardElement>
				<TileId>16</TileId>
				<AdjacentTiles>
						<AdjacentTile>
								<Id>9</Id>
						</AdjacentTile>	
						<AdjacentTile>
								<Id>15</Id>
						</AdjacentTile>	
						<AdjacentTile>
								<Id>17</Id>
						</AdjacentTile>	
						<AdjacentTile>
								<Id>23</Id>
						</AdjacentTile>	
				</AdjacentTiles>
		</BoardElement>
		<BoardElement>
				<TileId>17</TileId>
				<AdjacentTiles>
						<AdjacentTile>
								<Id>10</Id>
						</AdjacentTile>	
						<AdjacentTile>
								<Id>16</Id>
						</AdjacentTile>	
						<AdjacentTile>
								<Id>18</Id>
						</AdjacentTile>	
						<AdjacentTile>
								<Id>24</Id>
						</AdjacentTile>	
				</AdjacentTiles>
		</BoardElement>
		<BoardElement>
				<TileId>18</TileId>
				<AdjacentTiles>
						<AdjacentTile>
								<Id>11</Id>
						</AdjacentTile>	
						<AdjacentTile>
								<Id>17</Id>
						</AdjacentTile>	
						<AdjacentTile>
								<Id>null</Id>
						</AdjacentTile>	
						<AdjacentTile>
								<Id>25</Id>
						</AdjacentTile>	
				</AdjacentTiles>
		</BoardElement>
		<BoardElement>
				<TileId>19</TileId>
				<AdjacentTiles>
						<AdjacentTile>
								<Id>12</Id>
						</AdjacentTile>	
						<AdjacentTile>
								<Id>null</Id>
						</AdjacentTile>	
						<AdjacentTile>
								<Id>20</Id>
						</AdjacentTile>	
						<AdjacentTile>
								<Id>26</Id>
						</AdjacentTile>	
				</AdjacentTiles>
		</BoardElement>
		<BoardElement>
				<TileId>20</TileId>
				<AdjacentTiles>
						<AdjacentTile>
								<Id>13</Id>
						</AdjacentTile>	
						<AdjacentTile>
								<Id>19</Id>
						</AdjacentTile>	
						<AdjacentTile>
								<Id>21</Id>
						</AdjacentTile>	
						<AdjacentTile>
								<Id>27</Id>
						</AdjacentTile>	
				</AdjacentTiles>
		</BoardElement>
		<BoardElement>
				<TileId>21</TileId>
				<AdjacentTiles>
						<AdjacentTile>
								<Id>14</Id>
						</AdjacentTile>	
						<AdjacentTile>
								<Id>20</Id>
						</AdjacentTile>	
						<AdjacentTile>
								<Id>22</Id>
						</AdjacentTile>	
						<AdjacentTile>
								<Id>28</Id>
						</AdjacentTile>	
				</AdjacentTiles>
		</BoardElement>
		<BoardElement>
				<TileId>22</TileId>
				<AdjacentTiles>
						<AdjacentTile>
								<Id>15</Id>
						</AdjacentTile>	
						<AdjacentTile>
								<Id>21</Id>
						</AdjacentTile>	
						<AdjacentTile>
								<Id>23</Id>
						</AdjacentTile>	
						<AdjacentTile>
								<Id>29</Id>
						</AdjacentTile>	
				</AdjacentTiles>
		</BoardElement>
		<BoardElement>
				<TileId>23</TileId>
				<AdjacentTiles>
						<AdjacentTile>
								<Id>16</Id>
						</AdjacentTile>	
						<AdjacentTile>
								<Id>22</Id>
						</AdjacentTile>	
						<AdjacentTile>
								<Id>24</Id>
						</AdjacentTile>	
						<AdjacentTile>
								<Id>30</Id>
						</AdjacentTile>	
				</AdjacentTiles>
		</BoardElement>
		<BoardElement>
				<TileId>24</TileId>
				<AdjacentTiles>
						<AdjacentTile>
								<Id>17</Id>
						</AdjacentTile>	
						<AdjacentTile>
								<Id>23</Id>
						</AdjacentTile>	
						<AdjacentTile>
								<Id>25</Id>
						</AdjacentTile>	
						<AdjacentTile>
								<Id>31</Id>
						</AdjacentTile>	
				</AdjacentTiles>
		</BoardElement>
		<BoardElement>
				<TileId>25</TileId>
				<AdjacentTiles>
						<AdjacentTile>
								<Id>18</Id>
						</AdjacentTile>	
						<AdjacentTile>
								<Id>24</Id>
						</AdjacentTile>	
						<AdjacentTile>
								<Id>null</Id>
						</AdjacentTile>	
						<AdjacentTile>
								<Id>32</Id>
						</AdjacentTile>	
				</AdjacentTiles>
		</BoardElement>
		<BoardElement>
				<TileId>26</TileId>
				<AdjacentTiles>
						<AdjacentTile>
								<Id>19</Id>
						</AdjacentTile>	
						<AdjacentTile>
								<Id>null</Id>
						</AdjacentTile>	
						<AdjacentTile>
								<Id>27</Id>
						</AdjacentTile>	
						<AdjacentTile>
								<Id>33</Id>
						</AdjacentTile>	
				</AdjacentTiles>
		</BoardElement>
		<BoardElement>
				<TileId>27</TileId>
				<AdjacentTiles>
						<AdjacentTile>
								<Id>20</Id>
						</AdjacentTile>	
						<AdjacentTile>
								<Id>26</Id>
						</AdjacentTile>	
						<AdjacentTile>
								<Id>28</Id>
						</AdjacentTile>	
						<AdjacentTile>
								<Id>34</Id>
						</AdjacentTile>	
				</AdjacentTiles>
		</BoardElement>
		<BoardElement>
				<TileId>28</TileId>
				<AdjacentTiles>
						<AdjacentTile>
								<Id>21</Id>
						</AdjacentTile>	
						<AdjacentTile>
								<Id>27</Id>
						</AdjacentTile>	
						<AdjacentTile>
								<Id>29</Id>
						</AdjacentTile>	
						<AdjacentTile>
								<Id>35</Id>
						</AdjacentTile>	
				</AdjacentTiles>
		</BoardElement>
		<BoardElement>
				<TileId>29</TileId>
				<AdjacentTiles>
						<AdjacentTile>
								<Id>22</Id>
						</AdjacentTile>	
						<AdjacentTile>
								<Id>28</Id>
						</AdjacentTile>	
						<AdjacentTile>
								<Id>30</Id>
						</AdjacentTile>	
						<AdjacentTile>
								<Id>36</Id>
						</AdjacentTile>	
				</AdjacentTiles>
		</BoardElement>
		<BoardElement>
				<TileId>30</TileId>
				<AdjacentTiles>
						<AdjacentTile>
								<Id>23</Id>
						</AdjacentTile>	
						<AdjacentTile>
								<Id>29</Id>
						</AdjacentTile>	
						<AdjacentTile>
								<Id>31</Id>
						</AdjacentTile>	
						<AdjacentTile>
								<Id>37</Id>
						</AdjacentTile>	
				</AdjacentTiles>
		</BoardElement>
		<BoardElement>
				<TileId>31</TileId>
				<AdjacentTiles>
						<AdjacentTile>
								<Id>24</Id>
						</AdjacentTile>	
						<AdjacentTile>
								<Id>30</Id>
						</AdjacentTile>	
						<AdjacentTile>
								<Id>32</Id>
						</AdjacentTile>	
						<AdjacentTile>
								<Id>38</Id>
						</AdjacentTile>	
				</AdjacentTiles>
		</BoardElement>
		<BoardElement>
				<TileId>32</TileId>
				<AdjacentTiles>
						<AdjacentTile>
								<Id>25</Id>
						</AdjacentTile>	
						<AdjacentTile>
								<Id>31</Id>
						</AdjacentTile>	
						<AdjacentTile>
								<Id>null</Id>
						</AdjacentTile>	
						<AdjacentTile>
								<Id>39</Id>
						</AdjacentTile>	
				</AdjacentTiles>
		</BoardElement>
		<BoardElement>
				<TileId>33</TileId>
				<AdjacentTiles>
						<AdjacentTile>
								<Id>26</Id>
						</AdjacentTile>	
						<AdjacentTile>
								<Id>null</Id>
						</AdjacentTile>	
						<AdjacentTile>
								<Id>34</Id>
						</AdjacentTile>	
						<AdjacentTile>
								<Id>null</Id>
						</AdjacentTile>	
				</AdjacentTiles>
		</BoardElement>
		<BoardElement>
				<TileId>34</TileId>
				<AdjacentTiles>
						<AdjacentTile>
								<Id>27</Id>
						</AdjacentTile>	
						<AdjacentTile>
								<Id>33</Id>
						</AdjacentTile>	
						<AdjacentTile>
								<Id>35</Id>
						</AdjacentTile>	
						<AdjacentTile>
								<Id>40</Id>
						</AdjacentTile>	
				</AdjacentTiles>
		</BoardElement>
		<BoardElement>
				<TileId>35</TileId>
				<AdjacentTiles>
						<AdjacentTile>
								<Id>28</Id>
						</AdjacentTile>	
						<AdjacentTile>
								<Id>34</Id>
						</AdjacentTile>	
						<AdjacentTile>
								<Id>36</Id>
						</AdjacentTile>	
						<AdjacentTile>
								<Id>41</Id>
						</AdjacentTile>	
				</AdjacentTiles>
		</BoardElement>
		<BoardElement>
				<TileId>36</TileId>
				<AdjacentTiles>
						<AdjacentTile>
								<Id>29</Id>
						</AdjacentTile>	
						<AdjacentTile>
								<Id>35</Id>
						</AdjacentTile>	
						<AdjacentTile>
								<Id>37</Id>
						</AdjacentTile>	
						<AdjacentTile>
								<Id>42</Id>
						</AdjacentTile>	
				</AdjacentTiles>
		</BoardElement>
		<BoardElement>
				<TileId>37</TileId>
				<AdjacentTiles>
						<AdjacentTile>
								<Id>30</Id>
						</AdjacentTile>	
						<AdjacentTile>
								<Id>36</Id>
						</AdjacentTile>	
						<AdjacentTile>
								<Id>38</Id>
						</AdjacentTile>	
						<AdjacentTile>
								<Id>43</Id>
						</AdjacentTile>	
				</AdjacentTiles>
		</BoardElement>
		<BoardElement>
				<TileId>38</TileId>
				<AdjacentTiles>
						<AdjacentTile>
								<Id>31</Id>
						</AdjacentTile>	
						<AdjacentTile>
								<Id>37</Id>
						</AdjacentTile>	
						<AdjacentTile>
								<Id>39</Id>
						</AdjacentTile>	
						<AdjacentTile>
								<Id>44</Id>
						</AdjacentTile>	
				</AdjacentTiles>
		</BoardElement>
		<BoardElement>
				<TileId>39</TileId>
				<AdjacentTiles>
						<AdjacentTile>
								<Id>32</Id>
						</AdjacentTile>	
						<AdjacentTile>
								<Id>38</Id>
						</AdjacentTile>	
						<AdjacentTile>
								<Id>null</Id>
						</AdjacentTile>	
						<AdjacentTile>
								<Id>null</Id>
						</AdjacentTile>	
				</AdjacentTiles>
		</BoardElement>
		<BoardElement>
				<TileId>40</TileId>
				<AdjacentTiles>
						<AdjacentTile>
								<Id>34</Id>
						</AdjacentTile>	
						<AdjacentTile>
								<Id>null</Id>
						</AdjacentTile>	
						<AdjacentTile>
								<Id>41</Id>
						</AdjacentTile>	
						<AdjacentTile>
								<Id>null</Id>
						</AdjacentTile>	
				</AdjacentTiles>
		</BoardElement>
		<BoardElement>
				<TileId>41</TileId>
				<AdjacentTiles>
						<AdjacentTile>
								<Id>35</Id>
						</AdjacentTile>	
						<AdjacentTile>
								<Id>40</Id>
						</AdjacentTile>	
						<AdjacentTile>
								<Id>42</Id>
						</AdjacentTile>	
						<AdjacentTile>
								<Id>null</Id>
						</AdjacentTile>	
				</AdjacentTiles>
		</BoardElement>
		<BoardElement>
				<TileId>42</TileId>
				<AdjacentTiles>
						<AdjacentTile>
								<Id>36</Id>
						</AdjacentTile>	
						<AdjacentTile>
								<Id>41</Id>
						</AdjacentTile>	
						<AdjacentTile>
								<Id>43</Id>
						</AdjacentTile>	
						<AdjacentTile>
								<Id>null</Id>
						</AdjacentTile>	
				</AdjacentTiles>
		</BoardElement>
		<BoardElement>
				<TileId>43</TileId>
				<AdjacentTiles>
						<AdjacentTile>
								<Id>37</Id>
						</AdjacentTile>	
						<AdjacentTile>
								<Id>42</Id>
						</AdjacentTile>	
						<AdjacentTile>
								<Id>44</Id>
						</AdjacentTile>	
						<AdjacentTile>
								<Id>null</Id>
						</AdjacentTile>	
				</AdjacentTiles>
		</BoardElement>
		<BoardElement>
				<TileId>44</TileId>
				<AdjacentTiles>
						<AdjacentTile>
								<Id>38</Id>
						</AdjacentTile>	
						<AdjacentTile>
								<Id>43</Id>
						</AdjacentTile>	
						<AdjacentTile>
								<Id>null</Id>
						</AdjacentTile>	
						<AdjacentTile>
								<Id>null</Id>
						</AdjacentTile>	
				</AdjacentTiles>
		</BoardElement>
</BoardMap>