<VGBoard>
  <MapElement>
    <VertexId>0</VertexId>
    <Value>6</Value>
    <AdjacentVertices>
      <AdjacentVertex>
        <Id>null</Id>
      </AdjacentVertex>
      <AdjacentVertex>
        <Id>null</Id>
      </AdjacentVertex>
      <AdjacentVertex>
        <Id>1</Id>
      </AdjacentVertex>
      <AdjacentVertex>
        <Id>6</Id>
      </AdjacentVertex>
    </AdjacentVertices>
  </MapElement>
  <MapElement>
    <VertexId>1</VertexId>
    <Value>6</Value>
    <AdjacentVertices>
      <AdjacentVertex>
        <Id>null</Id>
      </AdjacentVertex>
      <AdjacentVertex>
        <Id>0</Id>
      </AdjacentVertex>
      <AdjacentVertex>
        <Id>2</Id>
      </AdjacentVertex>
      <AdjacentVertex>
        <Id>7</Id>
      </AdjacentVertex>
    </AdjacentVertices>
  </MapElement>
  <MapElement>
    <VertexId>2</VertexId>
    <Value>6</Value>
    <AdjacentVertices>
      <AdjacentVertex>
        <Id>null</Id>
      </AdjacentVertex>
      <AdjacentVertex>
        <Id>1</Id>
      </AdjacentVertex>
      <AdjacentVertex>
        <Id>3</Id>
      </AdjacentVertex>
      <AdjacentVertex>
        <Id>8</Id>
      </AdjacentVertex>
    </AdjacentVertices>
  </MapElement>
  <MapElement>
    <VertexId>3</VertexId>
    <Value>6</Value>
    <AdjacentVertices>
      <AdjacentVertex>
        <Id>null</Id>
      </AdjacentVertex>
      <AdjacentVertex>
        <Id>2</Id>
      </AdjacentVertex>
      <AdjacentVertex>
        <Id>4</Id>
      </AdjacentVertex>
      <AdjacentVertex>
        <Id>9</Id>
      </AdjacentVertex>
    </AdjacentVertices>
  </MapElement>
  <MapElement>
    <VertexId>4</VertexId>
    <Value>6</Value>
    <AdjacentVertices>
      <AdjacentVertex>
        <Id>null</Id>
      </AdjacentVertex>
      <AdjacentVertex>
        <Id>3</Id>
      </AdjacentVertex>
      <AdjacentVertex>
        <Id>5</Id>
      </AdjacentVertex>
      <AdjacentVertex>
        <Id>10</Id>
      </AdjacentVertex>
    </AdjacentVertices>
  </MapElement>
  <MapElement>
    <VertexId>5</VertexId>
    <Value>6</Value>
    <AdjacentVertices>
      <AdjacentVertex>
        <Id>null</Id>
      </AdjacentVertex>
      <AdjacentVertex>
        <Id>4</Id>
      </AdjacentVertex>
      <AdjacentVertex>
        <Id>null</Id>
      </AdjacentVertex>
      <AdjacentVertex>
        <Id>11</Id>
      </AdjacentVertex>
    </AdjacentVertices>
  </MapElement>
  <MapElement>
    <VertexId>6</VertexId>
    <Value>5</Value>
    <AdjacentVertices>
      <AdjacentVertex>
        <Id>0</Id>
      </AdjacentVertex>
      <AdjacentVertex>
        <Id>null</Id>
      </AdjacentVertex>
      <AdjacentVertex>
        <Id>7</Id>
      </AdjacentVertex>
      <AdjacentVertex>
        <Id>12</Id>
      </AdjacentVertex>
    </AdjacentVertices>
  </MapElement>
  <MapElement>
    <VertexId>7</VertexId>
    <Value>5</Value>
    <AdjacentVertices>
      <AdjacentVertex>
        <Id>1</Id>
      </AdjacentVertex>
      <AdjacentVertex>
        <Id>6</Id>
      </AdjacentVertex>
      <AdjacentVertex>
        <Id>8</Id>
      </AdjacentVertex>
      <AdjacentVertex>
        <Id>13</Id>
      </AdjacentVertex>
    </AdjacentVertices>
  </MapElement>
  <MapElement>
    <VertexId>8</VertexId>
    <Value>5</Value>
    <AdjacentVertices>
      <AdjacentVertex>
        <Id>2</Id>
      </AdjacentVertex>
      <AdjacentVertex>
        <Id>7</Id>
      </AdjacentVertex>
      <AdjacentVertex>
        <Id>9</Id>
      </AdjacentVertex>
      <AdjacentVertex>
        <Id>14</Id>
      </AdjacentVertex>
    </AdjacentVertices>
  </MapElement>
  <MapElement>
    <VertexId>9</VertexId>
    <Value>5</Value>
    <AdjacentVertices>
      <AdjacentVertex>
        <Id>3</Id>
      </AdjacentVertex>
      <AdjacentVertex>
        <Id>8</Id>
      </AdjacentVertex>
      <AdjacentVertex>
        <Id>10</Id>
      </AdjacentVertex>
      <AdjacentVertex>
        <Id>15</Id>
      </AdjacentVertex>
    </AdjacentVertices>
  </MapElement>
  <MapElement>
    <VertexId>10</VertexId>
    <Value>5</Value>
    <AdjacentVertices>
      <AdjacentVertex>
        <Id>4</Id>
      </AdjacentVertex>
      <AdjacentVertex>
        <Id>9</Id>
      </AdjacentVertex>
      <AdjacentVertex>
        <Id>11</Id>
      </AdjacentVertex>
      <AdjacentVertex>
        <Id>16</Id>
      </AdjacentVertex>
    </AdjacentVertices>
  </MapElement>
  <MapElement>
    <VertexId>11</VertexId>
    <Value>5</Value>
    <AdjacentVertices>
      <AdjacentVertex>
        <Id>5</Id>
      </AdjacentVertex>
      <AdjacentVertex>
        <Id>10</Id>
      </AdjacentVertex>
      <AdjacentVertex>
        <Id>null</Id>
      </AdjacentVertex>
      <AdjacentVertex>
        <Id>17</Id>
      </AdjacentVertex>
    </AdjacentVertices>
  </MapElement>
  <MapElement>
    <VertexId>12</VertexId>
    <Value>4</Value>
    <AdjacentVertices>
      <AdjacentVertex>
        <Id>6</Id>
      </AdjacentVertex>
      <AdjacentVertex>
        <Id>null</Id>
      </AdjacentVertex>
      <AdjacentVertex>
        <Id>13</Id>
      </AdjacentVertex>
      <AdjacentVertex>
        <Id>18</Id>
      </AdjacentVertex>
    </AdjacentVertices>
  </MapElement>
  <MapElement>
    <VertexId>13</VertexId>
    <Value>4</Value>
    <AdjacentVertices>
      <AdjacentVertex>
        <Id>7</Id>
      </AdjacentVertex>
      <AdjacentVertex>
        <Id>12</Id>
      </AdjacentVertex>
      <AdjacentVertex>
        <Id>14</Id>
      </AdjacentVertex>
      <AdjacentVertex>
        <Id>19</Id>
      </AdjacentVertex>
    </AdjacentVertices>
  </MapElement>
  <MapElement>
    <VertexId>14</VertexId>
    <Value>4</Value>
    <AdjacentVertices>
      <AdjacentVertex>
        <Id>8</Id>
      </AdjacentVertex>
      <AdjacentVertex>
        <Id>13</Id>
      </AdjacentVertex>
      <AdjacentVertex>
        <Id>15</Id>
      </AdjacentVertex>
      <AdjacentVertex>
        <Id>20</Id>
      </AdjacentVertex>
    </AdjacentVertices>
  </MapElement>
  <MapElement>
    <VertexId>15</VertexId>
    <Value>4</Value>
    <AdjacentVertices>
      <AdjacentVertex>
        <Id>9</Id>
      </AdjacentVertex>
      <AdjacentVertex>
        <Id>14</Id>
      </AdjacentVertex>
      <AdjacentVertex>
        <Id>16</Id>
      </AdjacentVertex>
      <AdjacentVertex>
        <Id>21</Id>
      </AdjacentVertex>
    </AdjacentVertices>
  </MapElement>
  <MapElement>
    <VertexId>16</VertexId>
    <Value>4</Value>
    <AdjacentVertices>
      <AdjacentVertex>
        <Id>10</Id>
      </AdjacentVertex>
      <AdjacentVertex>
        <Id>15</Id>
      </AdjacentVertex>
      <AdjacentVertex>
        <Id>17</Id>
      </AdjacentVertex>
      <AdjacentVertex>
        <Id>22</Id>
      </AdjacentVertex>
    </AdjacentVertices>
  </MapElement>
  <MapElement>
    <VertexId>17</VertexId>
    <Value>4</Value>
    <AdjacentVertices>
      <AdjacentVertex>
        <Id>11</Id>
      </AdjacentVertex>
      <AdjacentVertex>
        <Id>16</Id>
      </AdjacentVertex>
      <AdjacentVertex>
        <Id>18</Id>
      </AdjacentVertex>
      <AdjacentVertex>
        <Id>23</Id>
      </AdjacentVertex>
    </AdjacentVertices>
  </MapElement>
  <MapElement>
    <VertexId>18</VertexId>
    <Value>3</Value>
    <AdjacentVertices>
      <AdjacentVertex>
        <Id>12</Id>
      </AdjacentVertex>
      <AdjacentVertex>
        <Id>null</Id>
      </AdjacentVertex>
      <AdjacentVertex>
        <Id>19</Id>
      </AdjacentVertex>
      <AdjacentVertex>
        <Id>24</Id>
      </AdjacentVertex>
    </AdjacentVertices>
  </MapElement>
  <MapElement>
    <VertexId>19</VertexId>
    <Value>3</Value>
    <AdjacentVertices>
      <AdjacentVertex>
        <Id>13</Id>
      </AdjacentVertex>
      <AdjacentVertex>
        <Id>18</Id>
      </AdjacentVertex>
      <AdjacentVertex>
        <Id>20</Id>
      </AdjacentVertex>
      <AdjacentVertex>
        <Id>25</Id>
      </AdjacentVertex>
    </AdjacentVertices>
  </MapElement>
  <MapElement>
    <VertexId>20</VertexId>
    <Value>3</Value>
    <AdjacentVertices>
      <AdjacentVertex>
        <Id>14</Id>
      </AdjacentVertex>
      <AdjacentVertex>
        <Id>19</Id>
      </AdjacentVertex>
      <AdjacentVertex>
        <Id>21</Id>
      </AdjacentVertex>
      <AdjacentVertex>
        <Id>26</Id>
      </AdjacentVertex>
    </AdjacentVertices>
  </MapElement>
  <MapElement>
    <VertexId>21</VertexId>
    <Value>3</Value>
    <AdjacentVertices>
      <AdjacentVertex>
        <Id>15</Id>
      </AdjacentVertex>
      <AdjacentVertex>
        <Id>20</Id>
      </AdjacentVertex>
      <AdjacentVertex>
        <Id>22</Id>
      </AdjacentVertex>
      <AdjacentVertex>
        <Id>27</Id>
      </AdjacentVertex>
    </AdjacentVertices>
  </MapElement>
  <MapElement>
    <VertexId>22</VertexId>
    <Value>3</Value>
    <AdjacentVertices>
      <AdjacentVertex>
        <Id>16</Id>
      </AdjacentVertex>
      <AdjacentVertex>
        <Id>21</Id>
      </AdjacentVertex>
      <AdjacentVertex>
        <Id>23</Id>
      </AdjacentVertex>
      <AdjacentVertex>
        <Id>28</Id>
      </AdjacentVertex>
    </AdjacentVertices>
  </MapElement>
  <MapElement>
    <VertexId>23</VertexId>
    <Value>3</Value>
    <AdjacentVertices>
      <AdjacentVertex>
        <Id>17</Id>
      </AdjacentVertex>
      <AdjacentVertex>
        <Id>22</Id>
      </AdjacentVertex>
      <AdjacentVertex>
        <Id>null</Id>
      </AdjacentVertex>
      <AdjacentVertex>
        <Id>29</Id>
      </AdjacentVertex>
    </AdjacentVertices>
  </MapElement>
  <MapElement>
    <VertexId>24</VertexId>
    <Value>2</Value>
    <AdjacentVertices>
      <AdjacentVertex>
        <Id>18</Id>
      </AdjacentVertex>
      <AdjacentVertex>
        <Id>null</Id>
      </AdjacentVertex>
      <AdjacentVertex>
        <Id>25</Id>
      </AdjacentVertex>
      <AdjacentVertex>
        <Id>30</Id>
      </AdjacentVertex>
    </AdjacentVertices>
  </MapElement>
  <MapElement>
    <VertexId>25</VertexId>
    <Value>2</Value>
    <AdjacentVertices>
      <AdjacentVertex>
        <Id>19</Id>
      </AdjacentVertex>
      <AdjacentVertex>
        <Id>24</Id>
      </AdjacentVertex>
      <AdjacentVertex>
        <Id>26</Id>
      </AdjacentVertex>
      <AdjacentVertex>
        <Id>31</Id>
      </AdjacentVertex>
    </AdjacentVertices>
  </MapElement>
  <MapElement>
    <VertexId>26</VertexId>
    <Value>2</Value>
    <AdjacentVertices>
      <AdjacentVertex>
        <Id>20</Id>
      </AdjacentVertex>
      <AdjacentVertex>
        <Id>25</Id>
      </AdjacentVertex>
      <AdjacentVertex>
        <Id>27</Id>
      </AdjacentVertex>
      <AdjacentVertex>
        <Id>32</Id>
      </AdjacentVertex>
    </AdjacentVertices>
  </MapElement>
  <MapElement>
    <VertexId>27</VertexId>
    <Value>2</Value>
    <AdjacentVertices>
      <AdjacentVertex>
        <Id>21</Id>
      </AdjacentVertex>
      <AdjacentVertex>
        <Id>26</Id>
      </AdjacentVertex>
      <AdjacentVertex>
        <Id>28</Id>
      </AdjacentVertex>
      <AdjacentVertex>
        <Id>33</Id>
      </AdjacentVertex>
    </AdjacentVertices>
  </MapElement>
  <MapElement>
    <VertexId>28</VertexId>
    <Value>2</Value>
    <AdjacentVertices>
      <AdjacentVertex>
        <Id>22</Id>
      </AdjacentVertex>
      <AdjacentVertex>
        <Id>27</Id>
      </AdjacentVertex>
      <AdjacentVertex>
        <Id>29</Id>
      </AdjacentVertex>
      <AdjacentVertex>
        <Id>34</Id>
      </AdjacentVertex>
    </AdjacentVertices>
  </MapElement>
  <MapElement>
    <VertexId>29</VertexId>
    <Value>2</Value>
    <AdjacentVertices>
      <AdjacentVertex>
        <Id>23</Id>
      </AdjacentVertex>
      <AdjacentVertex>
        <Id>28</Id>
      </AdjacentVertex>
      <AdjacentVertex>
        <Id>null</Id>
      </AdjacentVertex>
      <AdjacentVertex>
        <Id>35</Id>
      </AdjacentVertex>
    </AdjacentVertices>
  </MapElement>
  <MapElement>
    <VertexId>30</VertexId>
    <Value>1</Value>
    <AdjacentVertices>
      <AdjacentVertex>
        <Id>24</Id>
      </AdjacentVertex>
      <AdjacentVertex>
        <Id>null</Id>
      </AdjacentVertex>
      <AdjacentVertex>
        <Id>31</Id>
      </AdjacentVertex>
      <AdjacentVertex>
        <Id>36</Id>
      </AdjacentVertex>
    </AdjacentVertices>
  </MapElement>
  <MapElement>
    <VertexId>31</VertexId>
    <Value>1</Value>
    <AdjacentVertices>
      <AdjacentVertex>
        <Id>25</Id>
      </AdjacentVertex>
      <AdjacentVertex>
        <Id>30</Id>
      </AdjacentVertex>
      <AdjacentVertex>
        <Id>32</Id>
      </AdjacentVertex>
      <AdjacentVertex>
        <Id>37</Id>
      </AdjacentVertex>
    </AdjacentVertices>
  </MapElement>
  <MapElement>
    <VertexId>32</VertexId>
    <Value>1</Value>
    <AdjacentVertices>
      <AdjacentVertex>
        <Id>26</Id>
      </AdjacentVertex>
      <AdjacentVertex>
        <Id>31</Id>
      </AdjacentVertex>
      <AdjacentVertex>
        <Id>33</Id>
      </AdjacentVertex>
      <AdjacentVertex>
        <Id>38</Id>
      </AdjacentVertex>
    </AdjacentVertices>
  </MapElement>
  <MapElement>
    <VertexId>33</VertexId>
    <Value>1</Value>
    <AdjacentVertices>
      <AdjacentVertex>
        <Id>27</Id>
      </AdjacentVertex>
      <AdjacentVertex>
        <Id>32</Id>
      </AdjacentVertex>
      <AdjacentVertex>
        <Id>34</Id>
      </AdjacentVertex>
      <AdjacentVertex>
        <Id>39</Id>
      </AdjacentVertex>
    </AdjacentVertices>
  </MapElement>
  <MapElement>
    <VertexId>34</VertexId>
    <Value>1</Value>
    <AdjacentVertices>
      <AdjacentVertex>
        <Id>28</Id>
      </AdjacentVertex>
      <AdjacentVertex>
        <Id>33</Id>
      </AdjacentVertex>
      <AdjacentVertex>
        <Id>35</Id>
      </AdjacentVertex>
      <AdjacentVertex>
        <Id>40</Id>
      </AdjacentVertex>
    </AdjacentVertices>
  </MapElement>
  <MapElement>
    <VertexId>35</VertexId>
    <Value>1</Value>
    <AdjacentVertices>
      <AdjacentVertex>
        <Id>29</Id>
      </AdjacentVertex>
      <AdjacentVertex>
        <Id>34</Id>
      </AdjacentVertex>
      <AdjacentVertex>
        <Id>null</Id>
      </AdjacentVertex>
      <AdjacentVertex>
        <Id>null</Id>
      </AdjacentVertex>
    </AdjacentVertices>
  </MapElement>
  <MapElement>
    <VertexId>36</VertexId>
    <Value>5</Value>
    <AdjacentVertices>
      <AdjacentVertex>
        <Id>30</Id>
      </AdjacentVertex>
      <AdjacentVertex>
        <Id>null</Id>
      </AdjacentVertex>
      <AdjacentVertex>
        <Id>37</Id>
      </AdjacentVertex>
      <AdjacentVertex>
        <Id>null</Id>
      </AdjacentVertex>
    </AdjacentVertices>
  </MapElement>
  <MapElement>
    <VertexId>37</VertexId>
    <Value>4</Value>
    <AdjacentVertices>
      <AdjacentVertex>
        <Id>31</Id>
      </AdjacentVertex>
      <AdjacentVertex>
        <Id>36</Id>
      </AdjacentVertex>
      <AdjacentVertex>
        <Id>38</Id>
      </AdjacentVertex>
      <AdjacentVertex>
        <Id>null</Id>
      </AdjacentVertex>
    </AdjacentVertices>
  </MapElement>
  <MapElement>
    <VertexId>38</VertexId>
    <Value>3</Value>
    <AdjacentVertices>
      <AdjacentVertex>
        <Id>32</Id>
      </AdjacentVertex>
      <AdjacentVertex>
        <Id>37</Id>
      </AdjacentVertex>
      <AdjacentVertex>
        <Id>39</Id>
      </AdjacentVertex>
      <AdjacentVertex>
        <Id>null</Id>
      </AdjacentVertex>
    </AdjacentVertices>
  </MapElement>
  <MapElement>
    <VertexId>39</VertexId>
    <Value>4</Value>
    <AdjacentVertices>
      <AdjacentVertex>
        <Id>33</Id>
      </AdjacentVertex>
      <AdjacentVertex>
        <Id>38</Id>
      </AdjacentVertex>
      <AdjacentVertex>
        <Id>40</Id>
      </AdjacentVertex>
      <AdjacentVertex>
        <Id>null</Id>
      </AdjacentVertex>
    </AdjacentVertices>
  </MapElement>
  <MapElement>
    <VertexId>40</VertexId>
    <Value>5</Value>
    <AdjacentVertices>
      <AdjacentVertex>
        <Id>34</Id>
      </AdjacentVertex>
      <AdjacentVertex>
        <Id>39</Id>
      </AdjacentVertex>
      <AdjacentVertex>
        <Id>null</Id>
      </AdjacentVertex>
      <AdjacentVertex>
        <Id>null</Id>
      </AdjacentVertex>
    </AdjacentVertices>
  </MapElement>
</VGBoard>